
> bety@0.1.0 build
> next build

▲ Next.js 16.3.5 (Turbopack)
✓ Running next.config.ts took 10ms

  Creating an optimized production build ...
✓ Compiled successfully in 694ms
  Running TypeScript ...
  Finished TypeScript in 1308ms ...
  Collecting page data using 7 workers ...
  Generating static pages using 7 workers (0/6) ...
  Generating static pages using 7 workers (1/6)
  Generating static pages using 7 workers (2/6)
  Generating static pages using 7 workers (4/6)
✓ Generating static pages using 7 workers (6/6) in 222ms
  Finalizing page optimization ...

Route (app)
┌ ƒ /
├ ○ /_not-found
├ ƒ /api/profile/name
└ ○ /preview/miso


○  (Static)   prerendered as static content
ƒ  (Dynamic)  server-rendered on demand
